// Jest Snapshot v1, https://goo.gl/fbAQLP

exports[`renders TagList with base use 1`] = `
<div>
  <span
    class="ant-tag ant-tag-success css-dev-only-do-not-override-2i2tap"
    style="cursor: move; transition: unset;"
  >
    Tag 1
  </span>
  <span
    class="ant-tag ant-tag-success css-dev-only-do-not-override-2i2tap"
    style="cursor: move; transition: unset;"
  >
    Tag 2
  </span>
  <span
    class="ant-tag ant-tag-success css-dev-only-do-not-override-2i2tap"
    style="cursor: move; transition: unset;"
  >
    Tag 3
  </span>
  <div
    id="DndDescribedBy-0"
    style="display: none;"
  >
    
    To pick up a draggable item, press the space bar.
    While dragging, use the arrow keys to move the item.
    Press space again to drop the item in its new position, or press escape to cancel.
  
  </div>
  <div
    aria-atomic="true"
    aria-live="assertive"
    id="DndLiveRegion-0"
    role="status"
    style="position: fixed; width: 1px; height: 1px; margin: -1px; border: 0px; padding: 0px; overflow: hidden; clip-path: inset(100%); white-space: nowrap;"
  />
</div>
`;
